Bundling 6%
Bundling 18%
Bundling 45%
Bundling 65%
Bundling 71%
Bundling 76%
Bundling 81%
Bundling 87%
Bundling 92%
Bundling 98%
Bundling 100%
Copying public dir 10.8 MB
Copying public dir 10.8 MB
Copying public dir 11.2 MB
Copying public dir 12 MB
Copying public dir 12.3 MB
Copying public dir 12.6 MB
Copying public dir 13.4 MB
Copying public dir 14.2 MB
Copying public dir 15.1 MB
Copying public dir 15.4 MB
Copying public dir 16.3 MB
Copying public dir 16.6 MB
Copying public dir 17.5 MB
Copying public dir 17.9 MB
Copying public dir 18.5 MB
Copying public dir 19.2 MB
Copying public dir 20.4 MB
Copying public dir 20.6 MB
Copying public dir 21.1 MB
Copying public dir 21.6 MB
Copying public dir 21.9 MB
Copying public dir 22.4 MB
Copying public dir 23.2 MB
Copying public dir 24 MB
Copying public dir 24.6 MB
Copying public dir 25 MB
Copying public dir 25.8 MB
Copying public dir 26.4 MB
Copying public dir 26.8 MB
Copying public dir 27 MB
Copying public dir 27.4 MB
Copying public dir 28.1 MB
Copying public dir 28.8 MB
Copying public dir 30.2 MB
Copying public dir 33.8 MB
Copying public dir 34.3 MB
Copying public dir 34.8 MB
Copying public dir 35.7 MB
Copying public dir 36.1 MB
Copying public dir 36.8 MB
Copying public dir 37.4 MB
Copying public dir 37.8 MB
Copying public dir 38.1 MB
Copying public dir 38.5 MB
Copying public dir 39 MB
Copying public dir 39.6 MB
Copying public dir 39.9 MB
Copying public dir 40.2 MB
Copying public dir 40.8 MB
Copying public dir 41.5 MB
Copying public dir 42.3 MB
Copying public dir 42.7 MB
Copying public dir 43.2 MB
Copying public dir 43.7 MB
Copying public dir 44.4 MB
Copying public dir 44.8 MB
Copying public dir 45.4 MB
Copying public dir 46.1 MB
Copying public dir 46.5 MB
Copying public dir 47.3 MB
Copying public dir 47.7 MB
Copying public dir 48.5 MB
Copying public dir 49.3 MB
Copying public dir 50.5 MB
Copying public dir 55.7 MB
Copying public dir 56 MB
Copying public dir 56.7 MB
Copying public dir 57.8 MB
Copying public dir 58.4 MB
Copying public dir 59 MB
Copying public dir 59.5 MB
Copying public dir 60.4 MB
Copying public dir 61.2 MB
Copying public dir 61.6 MB
Copying public dir 61.9 MB
Copying public dir 62.2 MB
Copying public dir 62.5 MB
Copying public dir 63.5 MB
Copying public dir 64.3 MB
Copying public dir 64.9 MB
Copying public dir 65.4 MB
Copying public dir 65.7 MB
Copying public dir 66 MB
Copying public dir 66.9 MB
Copying public dir 67.2 MB
Copying public dir 68.2 MB
Copying public dir 68.8 MB
Copying public dir 69.4 MB
Copying public dir 70 MB
Copying public dir 70.3 MB
Copying public dir 71.2 MB
Copying public dir 71.9 MB
Copying public dir 72.3 MB
Copying public dir 72.8 MB
Copying public dir 73.2 MB
Copying public dir 73.6 MB
Copying public dir 73.9 MB
Copying public dir 74.5 MB
Copying public dir 74.9 MB
Copying public dir 75.8 MB
Copying public dir 76.2 MB
Copying public dir 77 MB
Copying public dir 77.6 MB
Copying public dir 78 MB
Copying public dir 78.3 MB
Copying public dir 78.7 MB
Copying public dir 79.2 MB
Copying public dir 79.9 MB
Copying public dir 80.7 MB
Copying public dir 81 MB
Copying public dir 81.4 MB
Copying public dir 82.1 MB
Copying public dir 83.2 MB
Copying public dir 83.9 MB
Copying public dir 84.6 MB
Copying public dir 84.9 MB
Copying public dir 85.4 MB
Copying public dir 85.9 MB
Copying public dir 86.3 MB
Copying public dir 86.8 MB
Copying public dir 87.1 MB
Copying public dir 88 MB
Copying public dir 88.4 MB
Copying public dir 89.3 MB
Copying public dir 90.3 MB
Copying public dir 90.6 MB
Copying public dir 91.2 MB
Copying public dir 92 MB
Copying public dir 92.3 MB
Copying public dir 93.3 MB
Copying public dir 94.1 MB
Copying public dir 94.4 MB
Copying public dir 95.2 MB
Copying public dir 95.4 MB
Copying public dir 95.9 MB
Copying public dir 96.5 MB
Copying public dir 97.3 MB
Copying public dir 97.5 MB
Copying public dir 98.3 MB
Copying public dir 99 MB
Copying public dir 100 MB
Copying public dir 101.2 MB
Copying public dir 101.5 MB
Copying public dir 101.7 MB
Copying public dir 102.7 MB
Copying public dir 103 MB
Copying public dir 104 MB
Copying public dir 104.3 MB
Copying public dir 105 MB
Copying public dir 105.9 MB
Copying public dir 106.5 MB
Copying public dir 107.4 MB
Copying public dir 107.6 MB
Copying public dir 108.2 MB
Copying public dir 109 MB
Copying public dir 109.5 MB
Copying public dir 110.5 MB
Copying public dir 111.1 MB
Copying public dir 112.1 MB
Copying public dir 112.4 MB
Copying public dir 112.6 MB
Copying public dir 112.9 MB
Copying public dir 113.3 MB
Copying public dir 114.3 MB
Copying public dir 115.1 MB
Copying public dir 115.4 MB
Copying public dir 115.8 MB
Copying public dir 116.5 MB
Copying public dir 117.4 MB
Copying public dir 118 MB
Copying public dir 119.2 MB
Copying public dir 119.6 MB
Copying public dir 120.4 MB
Copying public dir 121.2 MB
Copying public dir 121.5 MB
Copying public dir 122.2 MB
Copying public dir 122.9 MB
Copying public dir 123.4 MB
Getting composition
Composition          VisualForgeVideo
Codec                h264
Output               D:\Personal Project\VisualForge AI\data\illustrated-story-preview\projects\0c3b5e418ee8\scene-cache\c588809c47376bdae73d2326a90eade86034ef46d1ab1e519844517c285ee2ff.pending.mp4
Concurrency          2x
Rendered 0/597
Rendered 1/597, time remaining: 6m 26s
Rendered 2/597, time remaining: 6m 44s
Rendered 3/597, time remaining: 4m 29s
Rendered 4/597, time remaining: 3m 31s
Rendered 5/597, time remaining: 2m 49s
Rendered 6/597, time remaining: 2m 27s
Rendered 7/597, time remaining: 2m 6s
Rendered 8/597, time remaining: 1m 55s
Rendered 9/597, time remaining: 1m 42s
Rendered 10/597, time remaining: 1m 35s
Rendered 11/597, time remaining: 1m 26s
Rendered 12/597, time remaining: 1m 22s
Rendered 13/597, time remaining: 1m 16s
Rendered 14/597, time remaining: 1m 14s
Rendered 15/597, time remaining: 1m 9s
Rendered 16/597, time remaining: 1m 7s
Rendered 17/597, time remaining: 1m 3s
Rendered 18/597, time remaining: 1m 1s
Rendered 19/597, time remaining: 58s
Rendered 20/597, time remaining: 57s
Rendered 21/597, time remaining: 54s
Rendered 22/597, time remaining: 53s
Rendered 23/597, time remaining: 51s
Rendered 24/597, time remaining: 50s
Rendered 25/597, time remaining: 48s
Rendered 26/597, time remaining: 48s
Rendered 27/597, time remaining: 46s
Rendered 28/597, time remaining: 46s
Rendered 29/597, time remaining: 44s
Rendered 30/597, time remaining: 44s
Rendered 31/597, time remaining: 43s
Rendered 32/597, time remaining: 43s
Rendered 33/597, time remaining: 41s
Rendered 34/597, time remaining: 41s
Rendered 35/597, time remaining: 40s
Rendered 36/597, time remaining: 40s
Rendered 37/597, time remaining: 39s
Rendered 38/597, time remaining: 39s
Rendered 39/597, time remaining: 39s
Rendered 40/597, time remaining: 38s
Rendered 41/597, time remaining: 38s
Rendered 42/597, time remaining: 37s
Rendered 43/597, time remaining: 37s
Rendered 44/597, time remaining: 36s
Rendered 45/597, time remaining: 37s
Rendered 46/597, time remaining: 36s
Rendered 47/597, time remaining: 36s
Rendered 48/597, time remaining: 35s
Rendered 49/597, time remaining: 35s
Rendered 50/597, time remaining: 35s
Rendered 51/597, time remaining: 34s
Rendered 52/597, time remaining: 34s
Rendered 53/597, time remaining: 34s
Rendered 54/597, time remaining: 33s
Rendered 55/597, time remaining: 33s
Rendered 56/597, time remaining: 32s
Rendered 57/597, time remaining: 32s
Rendered 58/597, time remaining: 32s
Rendered 59/597, time remaining: 32s
Rendered 60/597, time remaining: 31s
Rendered 61/597, time remaining: 31s
Rendered 62/597, time remaining: 31s
Rendered 63/597, time remaining: 30s
Rendered 64/597, time remaining: 30s
Rendered 65/597, time remaining: 30s
Rendered 66/597, time remaining: 30s
Rendered 67/597, time remaining: 29s
Rendered 68/597, time remaining: 29s
Rendered 69/597, time remaining: 29s
Rendered 70/597, time remaining: 29s
Rendered 71/597, time remaining: 28s
Rendered 72/597, time remaining: 28s
Rendered 73/597, time remaining: 28s
Rendered 74/597, time remaining: 28s
Rendered 75/597, time remaining: 28s
Rendered 76/597, time remaining: 27s
Rendered 77/597, time remaining: 27s
Rendered 78/597, time remaining: 27s
Rendered 79/597, time remaining: 27s
Rendered 80/597, time remaining: 27s
Rendered 81/597, time remaining: 27s
Rendered 82/597, time remaining: 26s
Rendered 83/597, time remaining: 26s
Rendered 84/597, time remaining: 26s
Rendered 85/597, time remaining: 26s
Rendered 86/597, time remaining: 26s
Rendered 87/597, time remaining: 26s
Rendered 88/597, time remaining: 25s
Rendered 89/597, time remaining: 25s
Rendered 90/597, time remaining: 25s
Rendered 91/597, time remaining: 25s
Rendered 92/597, time remaining: 25s
Rendered 93/597, time remaining: 25s
Rendered 94/597, time remaining: 24s
Rendered 95/597, time remaining: 24s
Rendered 96/597, time remaining: 24s
Rendered 97/597, time remaining: 24s
Rendered 98/597, time remaining: 24s
Rendered 99/597, time remaining: 24s
Rendered 100/597, time remaining: 24s
Rendered 101/597, time remaining: 24s
Rendered 102/597, time remaining: 23s
Rendered 103/597, time remaining: 23s
Rendered 104/597, time remaining: 23s
Rendered 105/597, time remaining: 23s
Rendered 106/597, time remaining: 23s
Rendered 107/597, time remaining: 23s
Rendered 108/597, time remaining: 23s
Rendered 109/597, time remaining: 23s
Rendered 110/597, time remaining: 23s
Rendered 111/597, time remaining: 22s
Rendered 112/597, time remaining: 22s
Rendered 113/597, time remaining: 22s
Rendered 114/597, time remaining: 22s
Rendered 115/597, time remaining: 22s
Rendered 116/597, time remaining: 22s
Rendered 117/597, time remaining: 22s
Rendered 118/597, time remaining: 22s
Rendered 119/597, time remaining: 22s
Rendered 120/597, time remaining: 21s
Rendered 121/597, time remaining: 21s
Rendered 122/597, time remaining: 21s
Rendered 123/597, time remaining: 21s
Rendered 124/597, time remaining: 21s
Rendered 125/597, time remaining: 21s
Rendered 126/597, time remaining: 21s
Rendered 127/597, time remaining: 21s
Rendered 128/597, time remaining: 21s
Rendered 129/597, time remaining: 22s
Rendered 129/597, time remaining: 22s
Rendered 130/597, time remaining: 22s
Rendered 131/597, time remaining: 22s
Rendered 132/597, time remaining: 22s
Rendered 133/597, time remaining: 22s
Rendered 134/597, time remaining: 22s
Rendered 135/597, time remaining: 22s
Rendered 136/597, time remaining: 22s
Rendered 137/597, time remaining: 22s
Rendered 138/597, time remaining: 21s
Rendered 139/597, time remaining: 22s
Rendered 140/597, time remaining: 21s
Rendered 141/597, time remaining: 21s
Rendered 142/597, time remaining: 21s
Rendered 142/597, time remaining: 21s
Rendered 143/597, time remaining: 21s
Rendered 144/597, time remaining: 21s
Rendered 145/597, time remaining: 21s
Rendered 146/597, time remaining: 21s
Rendered 147/597, time remaining: 21s
Rendered 148/597, time remaining: 21s
Rendered 149/597, time remaining: 21s
Rendered 150/597, time remaining: 20s
Rendered 151/597, time remaining: 19s
Rendered 152/597, time remaining: 17s
Rendered 153/597, time remaining: 17s
Rendered 154/597, time remaining: 16s
Rendered 155/597, time remaining: 17s
Rendered 156/597, time remaining: 16s
Rendered 157/597, time remaining: 16s
Rendered 158/597, time remaining: 16s
Rendered 158/597, time remaining: 16s
Rendered 159/597, time remaining: 16s
Rendered 160/597, time remaining: 16s
Rendered 161/597, time remaining: 16s
Rendered 162/597, time remaining: 16s
Rendered 163/597, time remaining: 16s
Rendered 164/597, time remaining: 16s
Rendered 165/597, time remaining: 16s
Rendered 166/597, time remaining: 16s
Rendered 167/597, time remaining: 16s
Rendered 168/597, time remaining: 16s
Rendered 169/597, time remaining: 16s
Rendered 170/597, time remaining: 16s
Rendered 171/597, time remaining: 16s
Rendered 172/597, time remaining: 16s
Rendered 173/597, time remaining: 16s
Rendered 174/597, time remaining: 16s
Rendered 174/597, time remaining: 16s
Rendered 175/597, time remaining: 16s
Rendered 176/597, time remaining: 16s
Rendered 177/597, time remaining: 16s
Rendered 178/597, time remaining: 16s
Rendered 179/597, time remaining: 16s
Rendered 180/597, time remaining: 15s
Rendered 181/597, time remaining: 16s
Rendered 182/597, time remaining: 15s
Rendered 183/597, time remaining: 15s
Rendered 184/597, time remaining: 15s
Rendered 185/597, time remaining: 15s
Rendered 186/597, time remaining: 15s
Rendered 187/597, time remaining: 15s
Rendered 188/597, time remaining: 15s
Rendered 188/597, time remaining: 15s
Rendered 189/597, time remaining: 15s
Rendered 190/597, time remaining: 15s
Rendered 191/597, time remaining: 15s
Rendered 192/597, time remaining: 15s
Rendered 193/597, time remaining: 15s
Rendered 194/597, time remaining: 15s
Rendered 195/597, time remaining: 15s
Rendered 196/597, time remaining: 15s
Rendered 197/597, time remaining: 15s
Rendered 198/597, time remaining: 15s
Rendered 199/597, time remaining: 15s
Rendered 199/597, time remaining: 15s
Rendered 200/597, time remaining: 15s
Rendered 201/597, time remaining: 15s
Rendered 202/597, time remaining: 15s
Rendered 203/597, time remaining: 15s
Rendered 204/597, time remaining: 15s
Rendered 205/597, time remaining: 15s
Rendered 206/597, time remaining: 15s
Rendered 207/597, time remaining: 15s
Rendered 208/597, time remaining: 15s
Rendered 209/597, time remaining: 15s
Rendered 210/597, time remaining: 14s
Rendered 211/597, time remaining: 15s
Rendered 212/597, time remaining: 14s
Rendered 212/597, time remaining: 14s
Rendered 213/597, time remaining: 14s
Rendered 214/597, time remaining: 14s
Rendered 215/597, time remaining: 14s
Rendered 216/597, time remaining: 14s
Rendered 217/597, time remaining: 14s
Rendered 218/597, time remaining: 14s
Rendered 219/597, time remaining: 14s
Rendered 220/597, time remaining: 14s
Rendered 221/597, time remaining: 14s
Rendered 222/597, time remaining: 14s
Rendered 223/597, time remaining: 14s
Rendered 224/597, time remaining: 14s
Rendered 224/597, time remaining: 14s
Rendered 225/597, time remaining: 14s
Rendered 226/597, time remaining: 14s
Rendered 227/597, time remaining: 14s
Rendered 228/597, time remaining: 14s
Rendered 229/597, time remaining: 14s
Rendered 230/597, time remaining: 14s
Rendered 231/597, time remaining: 14s
Rendered 232/597, time remaining: 14s
Rendered 233/597, time remaining: 14s
Rendered 234/597, time remaining: 14s
Rendered 235/597, time remaining: 14s
Rendered 236/597, time remaining: 14s
Rendered 237/597, time remaining: 14s
Rendered 238/597, time remaining: 14s
Rendered 239/597, time remaining: 14s
Rendered 240/597, time remaining: 14s
Rendered 240/597, time remaining: 14s
Rendered 241/597, time remaining: 14s
Rendered 242/597, time remaining: 14s
Rendered 243/597, time remaining: 14s
Rendered 244/597, time remaining: 13s
Rendered 245/597, time remaining: 13s
Rendered 246/597, time remaining: 13s
Rendered 247/597, time remaining: 13s
Rendered 248/597, time remaining: 13s
Rendered 249/597, time remaining: 13s
Rendered 250/597, time remaining: 13s
Rendered 251/597, time remaining: 13s
Rendered 252/597, time remaining: 13s
Rendered 253/597, time remaining: 13s
Rendered 254/597, time remaining: 13s
Rendered 254/597, time remaining: 13s
Rendered 255/597, time remaining: 13s
Rendered 256/597, time remaining: 13s
Rendered 257/597, time remaining: 13s
Rendered 258/597, time remaining: 13s
Rendered 259/597, time remaining: 13s
Rendered 260/597, time remaining: 13s
Rendered 261/597, time remaining: 13s
Rendered 262/597, time remaining: 13s
Rendered 263/597, time remaining: 13s
Rendered 264/597, time remaining: 13s
Rendered 265/597, time remaining: 13s
Rendered 266/597, time remaining: 13s
Rendered 267/597, time remaining: 13s
Rendered 268/597, time remaining: 12s
Rendered 269/597, time remaining: 12s
Rendered 270/597, time remaining: 12s
Rendered 270/597, time remaining: 12s
Rendered 271/597, time remaining: 12s
Rendered 272/597, time remaining: 12s
Rendered 273/597, time remaining: 13s
Rendered 274/597, time remaining: 13s
Rendered 275/597, time remaining: 13s
Rendered 276/597, time remaining: 13s
Rendered 277/597, time remaining: 12s
Rendered 278/597, time remaining: 12s
Rendered 279/597, time remaining: 11s
Rendered 280/597, time remaining: 11s
Rendered 281/597, time remaining: 11s
Rendered 282/597, time remaining: 11s
Rendered 282/597, time remaining: 11s
Rendered 283/597, time remaining: 11s
Rendered 284/597, time remaining: 11s
Rendered 285/597, time remaining: 11s
Rendered 286/597, time remaining: 11s
Rendered 287/597, time remaining: 11s
Rendered 288/597, time remaining: 11s
Rendered 289/597, time remaining: 11s
Rendered 290/597, time remaining: 11s
Rendered 291/597, time remaining: 11s
Rendered 292/597, time remaining: 11s
Rendered 293/597, time remaining: 11s
Rendered 294/597, time remaining: 11s
Rendered 295/597, time remaining: 11s
Rendered 296/597, time remaining: 11s
Rendered 297/597, time remaining: 11s
Rendered 298/597, time remaining: 11s
Rendered 298/597, time remaining: 11s
Rendered 299/597, time remaining: 11s
Rendered 300/597, time remaining: 11s
Rendered 301/597, time remaining: 10s
Rendered 302/597, time remaining: 11s
Rendered 303/597, time remaining: 10s
Rendered 304/597, time remaining: 10s
Rendered 305/597, time remaining: 10s
Rendered 306/597, time remaining: 10s
Rendered 307/597, time remaining: 10s
Rendered 308/597, time remaining: 10s
Rendered 309/597, time remaining: 10s
Rendered 310/597, time remaining: 10s
Rendered 311/597, time remaining: 10s
Rendered 312/597, time remaining: 10s
Rendered 313/597, time remaining: 10s
Rendered 314/597, time remaining: 10s
Rendered 314/597, time remaining: 10s
Rendered 315/597, time remaining: 10s
Rendered 316/597, time remaining: 10s
Rendered 317/597, time remaining: 10s
Rendered 318/597, time remaining: 10s
Rendered 319/597, time remaining: 10s
Rendered 320/597, time remaining: 10s
Rendered 321/597, time remaining: 10s
Rendered 322/597, time remaining: 10s
Rendered 323/597, time remaining: 10s
Rendered 324/597, time remaining: 10s
Rendered 325/597, time remaining: 10s
Rendered 326/597, time remaining: 10s
Rendered 327/597, time remaining: 10s
Rendered 328/597, time remaining: 9s
Rendered 328/597, time remaining: 9s
Rendered 329/597, time remaining: 9s
Rendered 330/597, time remaining: 9s
Rendered 331/597, time remaining: 9s
Rendered 332/597, time remaining: 9s
Rendered 333/597, time remaining: 9s
Rendered 334/597, time remaining: 9s
Rendered 335/597, time remaining: 9s
Rendered 336/597, time remaining: 9s
Rendered 337/597, time remaining: 9s
Rendered 338/597, time remaining: 9s
Rendered 339/597, time remaining: 9s
Rendered 340/597, time remaining: 9s
Rendered 341/597, time remaining: 9s
Rendered 342/597, time remaining: 9s
Rendered 343/597, time remaining: 9s
Rendered 343/597, time remaining: 9s
Rendered 344/597, time remaining: 9s
Rendered 345/597, time remaining: 9s
Rendered 346/597, time remaining: 9s
Rendered 347/597, time remaining: 9s
Rendered 348/597, time remaining: 9s
Rendered 349/597, time remaining: 8s
Rendered 350/597, time remaining: 8s
Rendered 351/597, time remaining: 8s
Rendered 352/597, time remaining: 8s
Rendered 353/597, time remaining: 8s
Rendered 354/597, time remaining: 8s
Rendered 355/597, time remaining: 8s
Rendered 356/597, time remaining: 8s
Rendered 357/597, time remaining: 8s
Rendered 358/597, time remaining: 8s
Rendered 358/597, time remaining: 8s
Rendered 359/597, time remaining: 8s
Rendered 360/597, time remaining: 8s
Rendered 361/597, time remaining: 8s
Rendered 362/597, time remaining: 8s
Rendered 363/597, time remaining: 8s
Rendered 364/597, time remaining: 8s
Rendered 365/597, time remaining: 8s
Rendered 366/597, time remaining: 8s
Rendered 367/597, time remaining: 8s
Rendered 368/597, time remaining: 8s
Rendered 369/597, time remaining: 8s
Rendered 370/597, time remaining: 7s
Rendered 371/597, time remaining: 7s
Rendered 372/597, time remaining: 7s
Rendered 373/597, time remaining: 7s
Rendered 374/597, time remaining: 7s
Rendered 374/597, time remaining: 7s
Rendered 375/597, time remaining: 7s
Rendered 376/597, time remaining: 7s
Rendered 377/597, time remaining: 7s
Rendered 378/597, time remaining: 7s
Rendered 379/597, time remaining: 7s
Rendered 380/597, time remaining: 7s
Rendered 381/597, time remaining: 7s
Rendered 382/597, time remaining: 7s
Rendered 383/597, time remaining: 7s
Rendered 384/597, time remaining: 7s
Rendered 385/597, time remaining: 7s
Rendered 386/597, time remaining: 7s
Rendered 387/597, time remaining: 7s
Rendered 388/597, time remaining: 7s
Rendered 388/597, time remaining: 7s
Rendered 389/597, time remaining: 7s
Rendered 390/597, time remaining: 7s
Rendered 391/597, time remaining: 7s
Rendered 392/597, time remaining: 7s
Rendered 393/597, time remaining: 7s
Rendered 394/597, time remaining: 7s
Rendered 395/597, time remaining: 7s
Rendered 396/597, time remaining: 7s
Rendered 397/597, time remaining: 6s
Rendered 398/597, time remaining: 6s
Rendered 399/597, time remaining: 6s
Rendered 400/597, time remaining: 6s
Rendered 401/597, time remaining: 6s
Rendered 402/597, time remaining: 6s
Rendered 403/597, time remaining: 6s
Rendered 404/597, time remaining: 6s
Rendered 404/597, time remaining: 6s
Rendered 405/597, time remaining: 6s
Rendered 406/597, time remaining: 6s
Rendered 407/597, time remaining: 6s
Rendered 408/597, time remaining: 6s
Rendered 409/597, time remaining: 6s
Rendered 410/597, time remaining: 6s
Rendered 411/597, time remaining: 6s
Rendered 412/597, time remaining: 6s
Rendered 413/597, time remaining: 6s
Rendered 414/597, time remaining: 6s
Rendered 415/597, time remaining: 6s
Rendered 416/597, time remaining: 6s
Rendered 417/597, time remaining: 6s
Rendered 418/597, time remaining: 6s
Rendered 419/597, time remaining: 6s
Rendered 419/597, time remaining: 6s
Rendered 420/597, time remaining: 6s
Rendered 421/597, time remaining: 6s
Rendered 422/597, time remaining: 6s
Rendered 423/597, time remaining: 5s
Rendered 424/597, time remaining: 5s
Rendered 425/597, time remaining: 5s
Rendered 426/597, time remaining: 5s
Rendered 427/597, time remaining: 5s
Rendered 428/597, time remaining: 5s
Rendered 429/597, time remaining: 5s
Rendered 430/597, time remaining: 5s
Rendered 431/597, time remaining: 5s
Rendered 432/597, time remaining: 5s
Rendered 433/597, time remaining: 5s
Rendered 434/597, time remaining: 5s
Rendered 434/597, time remaining: 5s
Rendered 435/597, time remaining: 5s
Rendered 436/597, time remaining: 5s
Rendered 437/597, time remaining: 5s
Rendered 438/597, time remaining: 5s
Rendered 439/597, time remaining: 5s
Rendered 440/597, time remaining: 5s
Rendered 441/597, time remaining: 5s
Rendered 442/597, time remaining: 5s
Rendered 443/597, time remaining: 5s
Rendered 444/597, time remaining: 5s
Rendered 445/597, time remaining: 5s
Rendered 446/597, time remaining: 5s
Rendered 447/597, time remaining: 5s
Rendered 448/597, time remaining: 5s
Rendered 449/597, time remaining: 5s
Rendered 449/597, time remaining: 5s
Rendered 450/597, time remaining: 5s
Rendered 451/597, time remaining: 4s
Rendered 452/597, time remaining: 4s
Rendered 453/597, time remaining: 4s
Rendered 454/597, time remaining: 4s
Rendered 455/597, time remaining: 4s
Rendered 456/597, time remaining: 4s
Rendered 457/597, time remaining: 4s
Rendered 458/597, time remaining: 4s
Rendered 459/597, time remaining: 4s
Rendered 460/597, time remaining: 4s
Rendered 461/597, time remaining: 4s
Rendered 462/597, time remaining: 4s
Rendered 462/597, time remaining: 4s
Rendered 463/597, time remaining: 4s
Rendered 464/597, time remaining: 4s
Rendered 465/597, time remaining: 4s
Rendered 466/597, time remaining: 4s
Rendered 467/597, time remaining: 4s
Rendered 468/597, time remaining: 4s
Rendered 469/597, time remaining: 4s
Rendered 470/597, time remaining: 4s
Rendered 471/597, time remaining: 4s
Rendered 472/597, time remaining: 4s
Rendered 473/597, time remaining: 4s
Rendered 474/597, time remaining: 4s
Rendered 475/597, time remaining: 4s
Rendered 476/597, time remaining: 4s
Rendered 476/597, time remaining: 4s
Rendered 477/597, time remaining: 4s
Rendered 478/597, time remaining: 4s
Rendered 479/597, time remaining: 4s
Rendered 480/597, time remaining: 4s
Rendered 481/597, time remaining: 4s
Rendered 482/597, time remaining: 4s
Rendered 483/597, time remaining: 3s
Rendered 484/597, time remaining: 3s
Rendered 485/597, time remaining: 3s
Rendered 486/597, time remaining: 3s
Rendered 487/597, time remaining: 3s
Rendered 488/597, time remaining: 3s
Rendered 489/597, time remaining: 3s
Rendered 490/597, time remaining: 3s
Rendered 490/597, time remaining: 3s
Rendered 491/597, time remaining: 3s
Rendered 492/597, time remaining: 3s
Rendered 493/597, time remaining: 3s
Rendered 494/597, time remaining: 3s
Rendered 495/597, time remaining: 3s
Rendered 496/597, time remaining: 3s
Rendered 497/597, time remaining: 3s
Rendered 498/597, time remaining: 3s
Rendered 499/597, time remaining: 3s
Rendered 500/597, time remaining: 3s
Rendered 501/597, time remaining: 3s
Rendered 502/597, time remaining: 3s
Rendered 503/597, time remaining: 3s
Rendered 504/597, time remaining: 3s
Rendered 504/597, time remaining: 3s
Rendered 505/597, time remaining: 3s
Rendered 506/597, time remaining: 3s
Rendered 507/597, time remaining: 3s
Rendered 508/597, time remaining: 3s
Rendered 509/597, time remaining: 3s
Rendered 510/597, time remaining: 3s
Rendered 511/597, time remaining: 3s
Rendered 512/597, time remaining: 3s
Rendered 513/597, time remaining: 2s
Rendered 514/597, time remaining: 2s
Rendered 515/597, time remaining: 2s
Rendered 516/597, time remaining: 2s
Rendered 517/597, time remaining: 2s
Rendered 518/597, time remaining: 2s
Rendered 519/597, time remaining: 2s
Rendered 520/597, time remaining: 2s
Rendered 520/597, time remaining: 2s
Rendered 521/597, time remaining: 2s
Rendered 522/597, time remaining: 2s
Rendered 523/597, time remaining: 2s
Rendered 524/597, time remaining: 2s
Rendered 525/597, time remaining: 2s
Rendered 526/597, time remaining: 2s
Rendered 527/597, time remaining: 2s
Rendered 528/597, time remaining: 2s
Rendered 529/597, time remaining: 2s
Rendered 530/597, time remaining: 2s
Rendered 531/597, time remaining: 2s
Rendered 532/597, time remaining: 2s
Rendered 533/597, time remaining: 2s
Rendered 534/597, time remaining: 2s
Rendered 535/597, time remaining: 2s
Rendered 535/597, time remaining: 2s
Rendered 536/597, time remaining: 2s
Rendered 537/597, time remaining: 2s
Rendered 538/597, time remaining: 2s
Rendered 539/597, time remaining: 2s
Rendered 540/597, time remaining: 2s
Rendered 541/597, time remaining: 1s
Rendered 542/597, time remaining: 1s
Rendered 543/597, time remaining: 1s
Rendered 544/597, time remaining: 1s
Rendered 545/597, time remaining: 1s
Rendered 546/597, time remaining: 1s
Rendered 547/597, time remaining: 1s
Rendered 548/597, time remaining: 1s
Rendered 549/597, time remaining: 1s
Rendered 549/597, time remaining: 1s
Rendered 550/597, time remaining: 1s
Rendered 551/597, time remaining: 1s
Rendered 552/597, time remaining: 1s
Rendered 553/597, time remaining: 1s
Rendered 554/597, time remaining: 1s
Rendered 555/597, time remaining: 1s
Rendered 556/597, time remaining: 1s
Rendered 557/597, time remaining: 1s
Rendered 558/597, time remaining: 1s
Rendered 559/597, time remaining: 1s
Rendered 560/597, time remaining: 1s
Rendered 561/597, time remaining: 1s
Rendered 562/597, time remaining: 1s
Rendered 562/597, time remaining: 1s
Rendered 563/597, time remaining: 1s
Rendered 564/597, time remaining: 1s
Rendered 565/597, time remaining: 1s
Rendered 566/597, time remaining: 1s
Rendered 567/597, time remaining: 1s
Rendered 568/597, time remaining: 1s
Rendered 569/597, time remaining: 1s
Rendered 570/597, time remaining: 0s
Rendered 571/597, time remaining: 0s
Rendered 572/597, time remaining: 0s
Rendered 573/597, time remaining: 0s
Rendered 574/597, time remaining: 0s
Rendered 574/597, time remaining: 0s
Rendered 575/597, time remaining: 0s
Rendered 576/597, time remaining: 0s
Rendered 577/597, time remaining: 0s
Rendered 578/597, time remaining: 0s
Rendered 579/597, time remaining: 0s
Rendered 580/597, time remaining: 0s
Rendered 581/597, time remaining: 0s
Rendered 582/597, time remaining: 0s
Rendered 583/597, time remaining: 0s
Rendered 584/597, time remaining: 0s
Rendered 585/597, time remaining: 0s
Rendered 586/597, time remaining: 0s
Rendered 586/597, time remaining: 0s
Rendered 587/597, time remaining: 0s
Rendered 588/597, time remaining: 0s
Rendered 589/597, time remaining: 0s
Rendered 590/597, time remaining: 0s
Rendered 591/597, time remaining: 0s
Rendered 592/597, time remaining: 0s
Rendered 593/597, time remaining: 0s
Rendered 594/597, time remaining: 0s
Rendered 595/597, time remaining: 0s
Rendered 596/597, time remaining: 0s
Encoded 428/597
Encoded 478/597
Encoded 597/597
+                    D:\Personal Project\VisualForge AI\data\illustrated-story-preview\projects\0c3b5e418ee8\scene-cache\c588809c47376bdae73d2326a90eade86034ef46d1ab1e519844517c285ee2ff.pending.mp4 246.8 kB
