VisualForge review editor: http://127.0.0.1:8765
  render: still running (30s elapsed).
  render: still running (61s elapsed).
  render: still running (91s elapsed).
  Bundling 6%
  Bundling 100%
  Copying public dir 60.3 MB
  Getting composition
  Rendered 0/2363
  Rendered 106/2363, time remaining: 2m 27s
  Rendered 206/2363, time remaining: 1m 46s
  Rendered 326/2363, time remaining: 1m 25s
  Rendered 447/2363, time remaining: 1m 19s
  Rendered 574/2363, time remaining: 1m 13s
  Rendered 691/2363, time remaining: 1m 11s
  Rendered 811/2363, time remaining: 1m 4s
  Rendered 925/2363, time remaining: 1m 4s
  Rendered 1028/2363, time remaining: 1m 2s
  Rendered 1140/2363, time remaining: 56s
  Rendered 1262/2363, time remaining: 47s
  Rendered 1381/2363, time remaining: 42s
  Rendered 1486/2363, time remaining: 41s
  Rendered 1612/2363, time remaining: 31s
  Rendered 1729/2363, time remaining: 27s
  Rendered 1850/2363, time remaining: 22s
  Rendered 1971/2363, time remaining: 16s
  Rendered 2085/2363, time remaining: 12s
  Rendered 2199/2363, time remaining: 7s
  Rendered 2319/2363, time remaining: 1s
