VisualForge review editor: http://127.0.0.1:8765
  Scene 1: generated 6.645s
  Scene 2: generated 16.507s
  Scene 3: generated 17.475s
  Scene 4: generated 17.245s
  Scene 5: generated 16.589s
  Scene 6: generated 20.113s
  Scene 7: generated 20.212s
  Scene 8: generated 12.461s
  Scene 9: generated 19.345s
  Scene 10: generated 21.272s
  Scene 11: generated 19.907s
  Scene 12: generated 18.417s
  Scene 13: generated 15.619s
  Scene 14: generated 17.543s
  Scene 15: generated 14.672s
  Scene 16: generated 19.123s
  Scene 17: generated 19.796s
  Scene 18: generated 15.593s
  Scene 19: generated 17.347s
  Scene 20: generated 21.559s
  Scene 21: generated 19.515s
  Scene 22: generated 24.504s
  Scene 23: generated 18.390s
  Scene 24: generated 12.281s
  Scene 25: generated 17.475s
  Scene 26: generated 24.345s
  Scene 27: generated 24.077s
  Scene 28: generated 22.495s
  Scene 29: generated 16.086s
  Scene 30: generated 16.505s
  Scene 31: generated 21.405s
  Bundling 100%
  Rendered 20/17935, time remaining: 30m 11s
  Rendered 154/17935, time remaining: 10m 24s
  Rendered 280/17935, time remaining: 12m 17s
  Rendered 422/17935, time remaining: 10m 40s
  Rendered 556/17935, time remaining: 11m 12s
  Rendered 693/17935, time remaining: 10m 43s
  Rendered 828/17935, time remaining: 10m 41s
  Rendered 955/17935, time remaining: 11m 13s
  Rendered 1086/17935, time remaining: 10m 54s
  Rendered 1219/17935, time remaining: 10m 51s
  Rendered 1338/17935, time remaining: 11m 31s
  Rendered 1465/17935, time remaining: 11m 8s
  Rendered 1600/17935, time remaining: 10m 8s
  Rendered 1725/17935, time remaining: 10m 57s
  Rendered 1841/17935, time remaining: 12m 7s
  Rendered 1962/17935, time remaining: 11m 11s
  Rendered 2092/17935, time remaining: 10m 23s
  Rendered 2235/17935, time remaining: 9m 18s
  Rendered 2365/17935, time remaining: 10m 0s
  Rendered 2484/17935, time remaining: 11m 3s
  Rendered 2603/17935, time remaining: 11m 0s
  Rendered 2741/17935, time remaining: 9m 37s
  Rendered 2865/17935, time remaining: 10m 19s
  Rendered 2986/17935, time remaining: 10m 32s
  Rendered 3119/17935, time remaining: 9m 43s
  Rendered 3245/17935, time remaining: 9m 48s
  Rendered 3375/17935, time remaining: 9m 41s
  Rendered 3508/17935, time remaining: 9m 15s
  Rendered 3636/17935, time remaining: 9m 24s
  Rendered 3788/17935, time remaining: 8m 4s
  Rendered 3934/17935, time remaining: 8m 10s
  Rendered 4063/17935, time remaining: 8m 55s
  Rendered 4199/17935, time remaining: 8m 34s
  Rendered 4333/17935, time remaining: 8m 29s
  Rendered 4478/17935, time remaining: 7m 51s
  Rendered 4603/17935, time remaining: 8m 47s
  Rendered 4748/17935, time remaining: 7m 47s
  Rendered 4888/17935, time remaining: 8m 0s
  Rendered 5025/17935, time remaining: 8m 9s
  Rendered 5159/17935, time remaining: 7m 56s
  Rendered 5276/17935, time remaining: 9m 3s
  Rendered 5408/17935, time remaining: 8m 12s
  Rendered 5533/17935, time remaining: 8m 17s
  Rendered 5651/17935, time remaining: 8m 53s
  Rendered 5775/17935, time remaining: 8m 19s
  Rendered 5895/17935, time remaining: 8m 26s
  Rendered 6021/17935, time remaining: 8m 1s
  Rendered 6131/17935, time remaining: 8m 57s
  Rendered 6255/17935, time remaining: 8m 16s
  Rendered 6385/17935, time remaining: 7m 38s
  Rendered 6507/17935, time remaining: 7m 52s
  Rendered 6642/17935, time remaining: 7m 36s
  Rendered 6757/17935, time remaining: 7m 50s
  Rendered 6893/17935, time remaining: 6m 54s
  Rendered 7025/17935, time remaining: 6m 50s
  Rendered 7159/17935, time remaining: 6m 44s
  Rendered 7289/17935, time remaining: 6m 50s
  Rendered 7417/17935, time remaining: 7m 1s
  Rendered 7556/17935, time remaining: 6m 26s
  Rendered 7698/17935, time remaining: 6m 2s
  Rendered 7842/17935, time remaining: 5m 57s
  Rendered 7977/17935, time remaining: 6m 20s
  Rendered 8099/17935, time remaining: 6m 40s
  Rendered 8219/17935, time remaining: 7m 0s
  Rendered 8336/17935, time remaining: 7m 7s
  Rendered 8451/17935, time remaining: 7m 9s
  Rendered 8587/17935, time remaining: 5m 58s
  Rendered 8718/17935, time remaining: 5m 58s
  Rendered 8850/17935, time remaining: 5m 48s
  Rendered 8970/17935, time remaining: 6m 15s
  Rendered 9104/17935, time remaining: 5m 45s
  Rendered 9229/17935, time remaining: 5m 49s
  Rendered 9368/17935, time remaining: 5m 15s
  Rendered 9479/17935, time remaining: 6m 12s
  Rendered 9591/17935, time remaining: 6m 11s
  Rendered 9709/17935, time remaining: 5m 53s
  Rendered 9825/17935, time remaining: 5m 51s
  Rendered 9929/17935, time remaining: 6m 23s
  Rendered 10031/17935, time remaining: 6m 23s
  Rendered 10125/17935, time remaining: 6m 55s
  Rendered 10230/17935, time remaining: 6m 9s
  Rendered 10345/17935, time remaining: 5m 44s
  Rendered 10463/17935, time remaining: 5m 20s
  Rendered 10576/17935, time remaining: 5m 40s
  Rendered 10691/17935, time remaining: 5m 17s
  Rendered 10795/17935, time remaining: 5m 34s
  Rendered 10901/17935, time remaining: 5m 38s
  Rendered 11009/17935, time remaining: 5m 26s
  Rendered 11123/17935, time remaining: 5m 10s
  Rendered 11241/17935, time remaining: 4m 41s
  Rendered 11347/17935, time remaining: 4m 57s
  Rendered 11448/17935, time remaining: 5m 32s
  Rendered 11543/17935, time remaining: 5m 30s
  Rendered 11647/17935, time remaining: 5m 12s
  Rendered 11756/17935, time remaining: 4m 48s
  Rendered 11879/17935, time remaining: 4m 5s
  Rendered 12009/17935, time remaining: 3m 51s
  Rendered 12139/17935, time remaining: 3m 43s
  Rendered 12271/17935, time remaining: 3m 37s
  Rendered 12391/17935, time remaining: 3m 51s
  Rendered 12515/17935, time remaining: 3m 43s
  Rendered 12635/17935, time remaining: 3m 42s
  Rendered 12751/17935, time remaining: 3m 44s
  Rendered 12871/17935, time remaining: 3m 33s
  Rendered 12991/17935, time remaining: 3m 26s
  Rendered 13105/17935, time remaining: 3m 30s
  Rendered 13225/17935, time remaining: 3m 21s
  Rendered 13347/17935, time remaining: 3m 10s
  Rendered 13481/17935, time remaining: 2m 49s
  Rendered 13607/17935, time remaining: 2m 51s
  Rendered 13723/17935, time remaining: 3m 5s
  Rendered 13843/17935, time remaining: 2m 51s
  Rendered 13959/17935, time remaining: 2m 52s
  Rendered 14079/17935, time remaining: 2m 43s
  Rendered 14199/17935, time remaining: 2m 36s
  Rendered 14319/17935, time remaining: 2m 31s
  Rendered 14435/17935, time remaining: 2m 29s
  Rendered 14551/17935, time remaining: 2m 27s
  Rendered 14671/17935, time remaining: 2m 18s
  Rendered 14789/17935, time remaining: 2m 12s
  Rendered 14907/17935, time remaining: 2m 11s
  Rendered 15027/17935, time remaining: 2m 1s
  Rendered 15147/17935, time remaining: 1m 58s
  Rendered 15265/17935, time remaining: 1m 54s
  Rendered 15385/17935, time remaining: 1m 46s
  Rendered 15507/17935, time remaining: 1m 41s
  Rendered 15625/17935, time remaining: 1m 38s
  Rendered 15745/17935, time remaining: 1m 32s
  Rendered 15865/17935, time remaining: 1m 28s
  Rendered 15985/17935, time remaining: 1m 21s
  Rendered 16102/17935, time remaining: 1m 18s
  Rendered 16229/17935, time remaining: 1m 8s
  Rendered 16351/17935, time remaining: 1m 4s
  Rendered 16469/17935, time remaining: 1m 1s
  Rendered 16590/17935, time remaining: 56s
  Rendered 16711/17935, time remaining: 51s
  Rendered 16826/17935, time remaining: 48s
  Rendered 16947/17935, time remaining: 41s
  Rendered 17067/17935, time remaining: 36s
  Rendered 17185/17935, time remaining: 31s
  Rendered 17305/17935, time remaining: 26s
  Rendered 17421/17935, time remaining: 22s
  Rendered 17535/17935, time remaining: 17s
  Rendered 17661/17935, time remaining: 11s
  Rendered 17787/17935, time remaining: 5s
  Rendered 17911/17935, time remaining: 0s
  Encoded 14348/17935
  Scene 10: decoded audio offset 0.000333s
