Bundling 6%
Bundling 23%
Bundling 63%
Bundling 69%
Bundling 74%
Bundling 80%
Bundling 85%
Bundling 90%
Bundling 95%
Bundling 100%
Copying public dir 10.6 MB
Copying public dir 10.6 MB
Copying public dir 11.1 MB
Copying public dir 11.6 MB
Copying public dir 12.2 MB
Copying public dir 13 MB
Copying public dir 13.7 MB
Copying public dir 14.4 MB
Copying public dir 15.1 MB
Copying public dir 15.9 MB
Copying public dir 16.3 MB
Copying public dir 16.8 MB
Copying public dir 17.4 MB
Copying public dir 18.1 MB
Copying public dir 18.6 MB
Copying public dir 19.4 MB
Copying public dir 20 MB
Getting composition
Composition          VisualForgeVideo
Format               png
Output               D:\Personal Project\VisualForge AI\data\milestone7-cycle-fixture.png
Rendered 0/1
Rendered 0/1
Rendered 1/1
○                    D:\Personal Project\VisualForge AI\data\milestone7-cycle-fixture.png
