Bundling 6%
Bundling 24%
Bundling 58%
Bundling 65%
Bundling 71%
Bundling 76%
Bundling 81%
Bundling 87%
Bundling 92%
Bundling 98%
Bundling 100%
Copying public dir 10.6 MB
Copying public dir 10.6 MB
Copying public dir 11.1 MB
Copying public dir 11.6 MB
Copying public dir 12.2 MB
Copying public dir 13 MB
Copying public dir 13.7 MB
Copying public dir 14.4 MB
Copying public dir 15.1 MB
Copying public dir 15.9 MB
Copying public dir 16.3 MB
Copying public dir 16.8 MB
Copying public dir 17.4 MB
Copying public dir 18.1 MB
Copying public dir 18.6 MB
Copying public dir 19.4 MB
Copying public dir 20 MB
Getting composition
Composition          VisualForgeVideo
Format               png
Output               D:\Personal Project\VisualForge AI\data\milestone7-chart-fixture.png
Rendered 0/1
Rendered 0/1
Rendered 1/1
○                    D:\Personal Project\VisualForge AI\data\milestone7-chart-fixture.png
