  Bundling 45%
  Getting composition
  Rendered 72/575, time remaining: 32s
  Rendered 160/575, time remaining: 23s
  Rendered 266/575, time remaining: 15s
  Rendered 364/575, time remaining: 10s
  Rendered 469/575, time remaining: 5s
  Rendered 570/575, time remaining: 0s
  Bundling 92%
  Rendered 18/577, time remaining: 49s
  Rendered 101/577, time remaining: 31s
  Rendered 180/577, time remaining: 25s
  Rendered 264/577, time remaining: 19s
  Rendered 354/577, time remaining: 13s
  Rendered 466/577, time remaining: 5s
  Encoded 577/577
  Bundling 92%
  Rendered 12/568, time remaining: 55s
  Rendered 109/568, time remaining: 25s
  Rendered 195/568, time remaining: 20s
  Rendered 293/568, time remaining: 14s
  Rendered 393/568, time remaining: 9s
  Rendered 510/568, time remaining: 2s
  Bundling 92%
  Rendered 8/643, time remaining: 1m 48s
  Rendered 117/643, time remaining: 29s
  Rendered 219/643, time remaining: 21s
  Rendered 333/643, time remaining: 13s
  Rendered 460/643, time remaining: 7s
  Rendered 575/643, time remaining: 2s
Scene 1: decoded audio offset 0.000000s
Scene 4: decoded audio offset 0.000000s
Scene 11: decoded audio offset 0.000000s
Scene 25: decoded audio offset 0.000000s
first {"rendered": ["1", "4", "11", "25"], "reused": [], "seconds": 164.73, "segments": 4, "profile": "draft"}
Scene 1: decoded audio offset 0.000000s
Scene 4: decoded audio offset 0.000000s
Scene 11: decoded audio offset 0.000000s
Scene 25: decoded audio offset 0.000000s
reused {"rendered": [], "reused": ["1", "4", "11", "25"], "seconds": 2.12, "segments": 4, "profile": "draft"}
