VisualForge review editor: http://127.0.0.1:8765
  render: still running (30s elapsed).
  Copying public dir 84.3 MB
  Rendered 71/17935, time remaining: 15m 39s
  Rendered 204/17935, time remaining: 11m 9s
  Rendered 345/17935, time remaining: 10m 24s
  Rendered 496/17935, time remaining: 9m 43s
  Rendered 649/17935, time remaining: 9m 42s
  Rendered 796/17935, time remaining: 10m 5s
  Rendered 945/17935, time remaining: 9m 35s
  Rendered 1098/17935, time remaining: 9m 28s
  Rendered 1248/17935, time remaining: 9m 28s
  Rendered 1388/17935, time remaining: 9m 59s
  Rendered 1535/17935, time remaining: 9m 32s
  Rendered 1685/17935, time remaining: 9m 8s
  Rendered 1831/17935, time remaining: 9m 25s
  Rendered 1978/17935, time remaining: 9m 4s
  Rendered 2129/17935, time remaining: 8m 55s
  Rendered 2276/17935, time remaining: 8m 54s
  Rendered 2419/17935, time remaining: 9m 11s
  Rendered 2569/17935, time remaining: 8m 34s
  Rendered 2718/17935, time remaining: 8m 30s
  Rendered 2866/17935, time remaining: 8m 28s
  Rendered 3006/17935, time remaining: 8m 52s
  Rendered 3155/17935, time remaining: 8m 16s
  Rendered 3305/17935, time remaining: 8m 10s
  Rendered 3454/17935, time remaining: 8m 5s
  Rendered 3598/17935, time remaining: 8m 19s
  Rendered 3747/17935, time remaining: 7m 56s
  Rendered 3895/17935, time remaining: 7m 52s
  Rendered 4036/17935, time remaining: 8m 13s
  Rendered 4185/17935, time remaining: 7m 46s
  Rendered 4334/17935, time remaining: 7m 36s
  Rendered 4483/17935, time remaining: 7m 34s
  Rendered 4626/17935, time remaining: 7m 44s
  Rendered 4775/17935, time remaining: 7m 18s
  Rendered 4923/17935, time remaining: 7m 19s
  Rendered 5073/17935, time remaining: 7m 12s
  Rendered 5216/17935, time remaining: 7m 23s
  Rendered 5362/17935, time remaining: 7m 15s
  Rendered 5508/17935, time remaining: 7m 6s
  Rendered 5655/17935, time remaining: 6m 55s
  Rendered 5804/17935, time remaining: 6m 50s
  Rendered 5943/17935, time remaining: 7m 8s
  Rendered 6089/17935, time remaining: 6m 46s
  Rendered 6233/17935, time remaining: 6m 41s
  Rendered 6379/17935, time remaining: 6m 41s
  Rendered 6524/17935, time remaining: 6m 38s
  Rendered 6672/17935, time remaining: 6m 20s
  Rendered 6821/17935, time remaining: 6m 14s
  Rendered 6963/17935, time remaining: 6m 26s
  Rendered 7109/17935, time remaining: 6m 9s
  Rendered 7257/17935, time remaining: 6m 3s
  Rendered 7402/17935, time remaining: 6m 2s
  Rendered 7545/17935, time remaining: 6m 8s
  Rendered 7693/17935, time remaining: 5m 47s
  Rendered 7840/17935, time remaining: 5m 45s
  Rendered 7980/17935, time remaining: 5m 53s
  Rendered 8129/17935, time remaining: 5m 29s
  Rendered 8275/17935, time remaining: 5m 32s
  Rendered 8421/17935, time remaining: 5m 25s
  Rendered 8558/17935, time remaining: 5m 43s
  Rendered 8707/17935, time remaining: 5m 10s
  Rendered 8855/17935, time remaining: 5m 7s
  Rendered 9003/17935, time remaining: 5m 1s
  Rendered 9140/17935, time remaining: 5m 20s
  Rendered 9277/17935, time remaining: 5m 15s
  Rendered 9425/17935, time remaining: 4m 50s
  Rendered 9563/17935, time remaining: 5m 4s
  Rendered 9706/17935, time remaining: 4m 49s
  Rendered 9851/17935, time remaining: 4m 40s
  Rendered 9996/17935, time remaining: 4m 34s
  Rendered 10135/17935, time remaining: 4m 38s
  Rendered 10271/17935, time remaining: 4m 40s
  Rendered 10420/17935, time remaining: 4m 12s
  Rendered 10568/17935, time remaining: 4m 8s
  Rendered 10716/17935, time remaining: 4m 5s
  Rendered 10860/17935, time remaining: 4m 4s
  Rendered 11010/17935, time remaining: 3m 52s
  Rendered 11160/17935, time remaining: 3m 46s
  Rendered 11309/17935, time remaining: 3m 43s
  Rendered 11453/17935, time remaining: 3m 44s
  Rendered 11601/17935, time remaining: 3m 34s
  Rendered 11749/17935, time remaining: 3m 30s
  Rendered 11895/17935, time remaining: 3m 25s
  Rendered 12031/17935, time remaining: 3m 36s
  Rendered 12151/17935, time remaining: 3m 54s
  Rendered 12297/17935, time remaining: 3m 13s
  Rendered 12439/17935, time remaining: 3m 14s
  Rendered 12581/17935, time remaining: 3m 10s
  Rendered 12713/17935, time remaining: 3m 16s
  Rendered 12849/17935, time remaining: 3m 10s
  Rendered 12985/17935, time remaining: 3m 5s
  Rendered 13113/17935, time remaining: 3m 6s
  Rendered 13251/17935, time remaining: 2m 52s
  Rendered 13385/17935, time remaining: 2m 50s
  Rendered 13509/17935, time remaining: 2m 56s
  Rendered 13637/17935, time remaining: 2m 56s
  Rendered 13771/17935, time remaining: 2m 38s
  Rendered 13907/17935, time remaining: 2m 28s
  Rendered 14041/17935, time remaining: 2m 25s
  Rendered 14175/17935, time remaining: 2m 23s
  Rendered 14305/17935, time remaining: 2m 19s
  Rendered 14431/17935, time remaining: 2m 17s
  Rendered 14565/17935, time remaining: 2m 6s
  Rendered 14701/17935, time remaining: 2m 1s
  Rendered 14813/17935, time remaining: 2m 16s
  Rendered 14937/17935, time remaining: 2m 2s
  Rendered 15067/17935, time remaining: 1m 49s
  Rendered 15202/17935, time remaining: 1m 43s
  Rendered 15336/17935, time remaining: 1m 37s
  Rendered 15471/17935, time remaining: 1m 31s
  Rendered 15605/17935, time remaining: 1m 27s
  Rendered 15739/17935, time remaining: 1m 21s
  Rendered 15869/17935, time remaining: 1m 19s
  Rendered 16008/17935, time remaining: 1m 10s
  Rendered 16141/17935, time remaining: 1m 7s
  Rendered 16271/17935, time remaining: 1m 3s
  Rendered 16399/17935, time remaining: 1m 0s
  Rendered 16525/17935, time remaining: 55s
  Rendered 16659/17935, time remaining: 48s
  Rendered 16785/17935, time remaining: 45s
  Rendered 16913/17935, time remaining: 40s
  Rendered 17043/17935, time remaining: 34s
  Rendered 17177/17935, time remaining: 28s
  Rendered 17311/17935, time remaining: 23s
  Rendered 17431/17935, time remaining: 20s
  Rendered 17555/17935, time remaining: 16s
  Rendered 17685/17935, time remaining: 9s
  Rendered 17815/17935, time remaining: 4s
  Encoded 14348/17935
  Scene 18: decoded audio offset 0.000333s
