----------------------------------------
Exception occurred during processing of request from ('127.0.0.1', 55289)
Traceback (most recent call last):
  File "D:\Personal Project\VisualForge AI\backend\.python\cpython-3.12.14-windows-x86_64-none\Lib\socketserver.py", line 697, in process_request_thread
    self.finish_request(request, client_address)
  File "D:\Personal Project\VisualForge AI\backend\.python\cpython-3.12.14-windows-x86_64-none\Lib\socketserver.py", line 362, in finish_request
    self.RequestHandlerClass(request, client_address, self)
  File "D:\Personal Project\VisualForge AI\backend\.python\cpython-3.12.14-windows-x86_64-none\Lib\socketserver.py", line 766, in __init__
    self.handle()
  File "D:\Personal Project\VisualForge AI\backend\.python\cpython-3.12.14-windows-x86_64-none\Lib\http\server.py", line 440, in handle
    self.handle_one_request()
  File "D:\Personal Project\VisualForge AI\backend\.python\cpython-3.12.14-windows-x86_64-none\Lib\http\server.py", line 428, in handle_one_request
    method()
  File "D:\Personal Project\VisualForge AI\backend\scripts\review_app.py", line 194, in do_GET
    return self.file_response(file)
           ^^^^^^^^^^^^^^^^^^^^^^^^
  File "D:\Personal Project\VisualForge AI\backend\scripts\review_app.py", line 89, in file_response
    self.wfile.write(chunk)
  File "D:\Personal Project\VisualForge AI\backend\.python\cpython-3.12.14-windows-x86_64-none\Lib\socketserver.py", line 845, in write
    self._sock.sendall(b)
ConnectionAbortedError: [WinError 10053] An established connection was aborted by the software in your host machine
----------------------------------------
